
Allocating common symbols
Common symbol       size              file

PCD8544_y           0x1               ..\obj\tm_stm32f4_pcd8544.o
PCD8544_x           0x1               ..\obj\tm_stm32f4_pcd8544.o
PCD8544_Buffer      0x1f8             ..\obj\tm_stm32f4_pcd8544.o
tab                 0x12c0            ..\obj\main.o

Discarded input sections

 .text          0x00000000        0x0 ..\obj\stm32f4xx_syscfg.o
 .data          0x00000000        0x0 ..\obj\stm32f4xx_syscfg.o
 .bss           0x00000000        0x0 ..\obj\stm32f4xx_syscfg.o
 .text.SYSCFG_DeInit
                0x00000000       0x1c ..\obj\stm32f4xx_syscfg.o
 .text.SYSCFG_MemoryRemapConfig
                0x00000000       0x20 ..\obj\stm32f4xx_syscfg.o
 .text.SYSCFG_ETH_MediaInterfaceConfig
                0x00000000       0x1c ..\obj\stm32f4xx_syscfg.o
 .text.SYSCFG_CompensationCellCmd
                0x00000000       0x20 ..\obj\stm32f4xx_syscfg.o
 .text.SYSCFG_GetCompensationCellStatus
                0x00000000       0x34 ..\obj\stm32f4xx_syscfg.o
 .text          0x00000000        0x0 ..\obj\startup_stm32f4xx.o
 .data          0x00000000        0x0 ..\obj\startup_stm32f4xx.o
 .bss           0x00000000        0x0 ..\obj\startup_stm32f4xx.o
 .text          0x00000000        0x0 ..\obj\main.o
 .data          0x00000000        0x0 ..\obj\main.o
 .text          0x00000000        0x0 ..\obj\stm32f4xx_rcc.o
 .data          0x00000000       0x10 ..\obj\stm32f4xx_rcc.o
 .bss           0x00000000        0x0 ..\obj\stm32f4xx_rcc.o
 .text.RCC_DeInit
                0x00000000       0x50 ..\obj\stm32f4xx_rcc.o
 .text.RCC_HSEConfig
                0x00000000       0x24 ..\obj\stm32f4xx_rcc.o
 .text.RCC_WaitForHSEStartUp
                0x00000000       0x50 ..\obj\stm32f4xx_rcc.o
 .text.RCC_AdjustHSICalibrationValue
                0x00000000       0x3c ..\obj\stm32f4xx_rcc.o
 .text.RCC_HSICmd
                0x00000000       0x20 ..\obj\stm32f4xx_rcc.o
 .text.RCC_LSEConfig
                0x00000000       0x40 ..\obj\stm32f4xx_rcc.o
 .text.RCC_LSICmd
                0x00000000       0x20 ..\obj\stm32f4xx_rcc.o
 .text.RCC_PLLConfig
                0x00000000       0x3c ..\obj\stm32f4xx_rcc.o
 .text.RCC_PLLCmd
                0x00000000       0x20 ..\obj\stm32f4xx_rcc.o
 .text.RCC_PLLI2SConfig
                0x00000000       0x28 ..\obj\stm32f4xx_rcc.o
 .text.RCC_PLLI2SCmd
                0x00000000       0x20 ..\obj\stm32f4xx_rcc.o
 .text.RCC_ClockSecuritySystemCmd
                0x00000000       0x20 ..\obj\stm32f4xx_rcc.o
 .text.RCC_MCO1Config
                0x00000000       0x3c ..\obj\stm32f4xx_rcc.o
 .text.RCC_MCO2Config
                0x00000000       0x3c ..\obj\stm32f4xx_rcc.o
 .text.RCC_SYSCLKConfig
                0x00000000       0x38 ..\obj\stm32f4xx_rcc.o
 .text.RCC_GetSYSCLKSource
                0x00000000       0x20 ..\obj\stm32f4xx_rcc.o
 .text.RCC_HCLKConfig
                0x00000000       0x38 ..\obj\stm32f4xx_rcc.o
 .text.RCC_PCLK1Config
                0x00000000       0x38 ..\obj\stm32f4xx_rcc.o
 .text.RCC_PCLK2Config
                0x00000000       0x38 ..\obj\stm32f4xx_rcc.o
 .text.RCC_GetClocksFreq
                0x00000000      0x154 ..\obj\stm32f4xx_rcc.o
 .text.RCC_RTCCLKConfig
                0x00000000       0x5c ..\obj\stm32f4xx_rcc.o
 .text.RCC_RTCCLKCmd
                0x00000000       0x20 ..\obj\stm32f4xx_rcc.o
 .text.RCC_BackupResetCmd
                0x00000000       0x20 ..\obj\stm32f4xx_rcc.o
 .text.RCC_I2SCLKConfig
                0x00000000       0x1c ..\obj\stm32f4xx_rcc.o
 .text.RCC_AHB2PeriphClockCmd
                0x00000000       0x3c ..\obj\stm32f4xx_rcc.o
 .text.RCC_AHB3PeriphClockCmd
                0x00000000       0x3c ..\obj\stm32f4xx_rcc.o
 .text.RCC_AHB1PeriphResetCmd
                0x00000000       0x3c ..\obj\stm32f4xx_rcc.o
 .text.RCC_AHB2PeriphResetCmd
                0x00000000       0x3c ..\obj\stm32f4xx_rcc.o
 .text.RCC_AHB3PeriphResetCmd
                0x00000000       0x3c ..\obj\stm32f4xx_rcc.o
 .text.RCC_APB1PeriphResetCmd
                0x00000000       0x3c ..\obj\stm32f4xx_rcc.o
 .text.RCC_APB2PeriphResetCmd
                0x00000000       0x3c ..\obj\stm32f4xx_rcc.o
 .text.RCC_AHB1PeriphClockLPModeCmd
                0x00000000       0x3c ..\obj\stm32f4xx_rcc.o
 .text.RCC_AHB2PeriphClockLPModeCmd
                0x00000000       0x3c ..\obj\stm32f4xx_rcc.o
 .text.RCC_AHB3PeriphClockLPModeCmd
                0x00000000       0x3c ..\obj\stm32f4xx_rcc.o
 .text.RCC_APB1PeriphClockLPModeCmd
                0x00000000       0x3c ..\obj\stm32f4xx_rcc.o
 .text.RCC_APB2PeriphClockLPModeCmd
                0x00000000       0x3c ..\obj\stm32f4xx_rcc.o
 .text.RCC_ITConfig
                0x00000000       0x4c ..\obj\stm32f4xx_rcc.o
 .text.RCC_GetFlagStatus
                0x00000000       0x74 ..\obj\stm32f4xx_rcc.o
 .text.RCC_ClearFlag
                0x00000000       0x1c ..\obj\stm32f4xx_rcc.o
 .text.RCC_GetITStatus
                0x00000000       0x38 ..\obj\stm32f4xx_rcc.o
 .text.RCC_ClearITPendingBit
                0x00000000       0x20 ..\obj\stm32f4xx_rcc.o
 .text          0x00000000        0x0 ..\obj\tm_stm32f4_spi.o
 .data          0x00000000        0x0 ..\obj\tm_stm32f4_spi.o
 .bss           0x00000000        0x0 ..\obj\tm_stm32f4_spi.o
 .text.TM_SPI_InitWithMode
                0x00000000       0x7c ..\obj\tm_stm32f4_spi.o
 .text.TM_SPI_InitFull
                0x00000000       0x88 ..\obj\tm_stm32f4_spi.o
 .text.TM_SPI_GetPrescalerFromMaxFrequency
                0x00000000       0x68 ..\obj\tm_stm32f4_spi.o
 .text.TM_SPI_SetDataSize
                0x00000000       0x78 ..\obj\tm_stm32f4_spi.o
 .text.TM_SPI_SendMulti
                0x00000000       0x98 ..\obj\tm_stm32f4_spi.o
 .text.TM_SPI_WriteMulti
                0x00000000       0x88 ..\obj\tm_stm32f4_spi.o
 .text.TM_SPI_ReadMulti
                0x00000000       0x94 ..\obj\tm_stm32f4_spi.o
 .text.TM_SPI_SendMulti16
                0x00000000       0x98 ..\obj\tm_stm32f4_spi.o
 .text.TM_SPI_WriteMulti16
                0x00000000       0x88 ..\obj\tm_stm32f4_spi.o
 .text.TM_SPI_ReadMulti16
                0x00000000       0x90 ..\obj\tm_stm32f4_spi.o
 .text          0x00000000        0x0 ..\obj\stm32f4xx_gpio.o
 .data          0x00000000        0x0 ..\obj\stm32f4xx_gpio.o
 .bss           0x00000000        0x0 ..\obj\stm32f4xx_gpio.o
 .text.GPIO_DeInit
                0x00000000      0x120 ..\obj\stm32f4xx_gpio.o
 .text.GPIO_StructInit
                0x00000000       0x34 ..\obj\stm32f4xx_gpio.o
 .text.GPIO_PinLockConfig
                0x00000000       0x44 ..\obj\stm32f4xx_gpio.o
 .text.GPIO_ReadInputDataBit
                0x00000000       0x34 ..\obj\stm32f4xx_gpio.o
 .text.GPIO_ReadInputData
                0x00000000       0x1c ..\obj\stm32f4xx_gpio.o
 .text.GPIO_ReadOutputDataBit
                0x00000000       0x34 ..\obj\stm32f4xx_gpio.o
 .text.GPIO_ReadOutputData
                0x00000000       0x1c ..\obj\stm32f4xx_gpio.o
 .text.GPIO_WriteBit
                0x00000000       0x30 ..\obj\stm32f4xx_gpio.o
 .text.GPIO_Write
                0x00000000       0x1c ..\obj\stm32f4xx_gpio.o
 .text.GPIO_PinAFConfig
                0x00000000       0x90 ..\obj\stm32f4xx_gpio.o
 .text          0x00000000        0x0 ..\obj\system_stm32f4xx.o
 .data          0x00000000       0x14 ..\obj\system_stm32f4xx.o
 .bss           0x00000000        0x0 ..\obj\system_stm32f4xx.o
 .text.SystemCoreClockUpdate
                0x00000000       0xf8 ..\obj\system_stm32f4xx.o
 .text          0x00000000        0x0 ..\obj\syscalls.o
 .data          0x00000000        0x0 ..\obj\syscalls.o
 .bss           0x00000000        0x4 ..\obj\syscalls.o
 .text._sbrk    0x00000000       0x40 ..\obj\syscalls.o
 .text.link     0x00000000       0x1c ..\obj\syscalls.o
 .text._close   0x00000000       0x18 ..\obj\syscalls.o
 .text._fstat   0x00000000       0x20 ..\obj\syscalls.o
 .text._isatty  0x00000000       0x18 ..\obj\syscalls.o
 .text._lseek   0x00000000       0x1c ..\obj\syscalls.o
 .text._read    0x00000000       0x1c ..\obj\syscalls.o
 .text._write   0x00000000       0x1c ..\obj\syscalls.o
 .text.abort    0x00000000        0x8 ..\obj\syscalls.o
 .debug_info    0x00000000      0x3ee ..\obj\syscalls.o
 .debug_abbrev  0x00000000       0xe2 ..\obj\syscalls.o
 .debug_aranges
                0x00000000       0x60 ..\obj\syscalls.o
 .debug_ranges  0x00000000       0x50 ..\obj\syscalls.o
 .debug_line    0x00000000      0x17c ..\obj\syscalls.o
 .debug_str     0x00000000      0x2d9 ..\obj\syscalls.o
 .comment       0x00000000       0x71 ..\obj\syscalls.o
 .debug_frame   0x00000000      0x168 ..\obj\syscalls.o
 .ARM.attributes
                0x00000000       0x33 ..\obj\syscalls.o
 .text          0x00000000        0x0 ..\obj\stm32f4xx_spi.o
 .data          0x00000000        0x0 ..\obj\stm32f4xx_spi.o
 .bss           0x00000000        0x0 ..\obj\stm32f4xx_spi.o
 .text.SPI_I2S_DeInit
                0x00000000       0x74 ..\obj\stm32f4xx_spi.o
 .text.I2S_Init
                0x00000000      0x1b4 ..\obj\stm32f4xx_spi.o
 .text.I2S_StructInit
                0x00000000       0x38 ..\obj\stm32f4xx_spi.o
 .text.SPI_Cmd  0x00000000       0x40 ..\obj\stm32f4xx_spi.o
 .text.I2S_Cmd  0x00000000       0x40 ..\obj\stm32f4xx_spi.o
 .text.SPI_DataSizeConfig
                0x00000000       0x38 ..\obj\stm32f4xx_spi.o
 .text.SPI_BiDirectionalLineConfig
                0x00000000       0x40 ..\obj\stm32f4xx_spi.o
 .text.SPI_NSSInternalSoftwareConfig
                0x00000000       0x44 ..\obj\stm32f4xx_spi.o
 .text.SPI_SSOutputCmd
                0x00000000       0x40 ..\obj\stm32f4xx_spi.o
 .text.SPI_TIModeCmd
                0x00000000       0x40 ..\obj\stm32f4xx_spi.o
 .text.I2S_FullDuplexConfig
                0x00000000       0x9c ..\obj\stm32f4xx_spi.o
 .text.SPI_I2S_ReceiveData
                0x00000000       0x1c ..\obj\stm32f4xx_spi.o
 .text.SPI_I2S_SendData
                0x00000000       0x1c ..\obj\stm32f4xx_spi.o
 .text.SPI_CalculateCRC
                0x00000000       0x40 ..\obj\stm32f4xx_spi.o
 .text.SPI_TransmitCRC
                0x00000000       0x24 ..\obj\stm32f4xx_spi.o
 .text.SPI_GetCRC
                0x00000000       0x34 ..\obj\stm32f4xx_spi.o
 .text.SPI_GetCRCPolynomial
                0x00000000       0x1c ..\obj\stm32f4xx_spi.o
 .text.SPI_I2S_DMACmd
                0x00000000       0x48 ..\obj\stm32f4xx_spi.o
 .text.SPI_I2S_ITConfig
                0x00000000       0x60 ..\obj\stm32f4xx_spi.o
 .text.SPI_I2S_GetFlagStatus
                0x00000000       0x38 ..\obj\stm32f4xx_spi.o
 .text.SPI_I2S_ClearFlag
                0x00000000       0x20 ..\obj\stm32f4xx_spi.o
 .text.SPI_I2S_GetITStatus
                0x00000000       0x78 ..\obj\stm32f4xx_spi.o
 .text.SPI_I2S_ClearITPendingBit
                0x00000000       0x34 ..\obj\stm32f4xx_spi.o
 .text          0x00000000        0x0 ..\obj\stm32f4xx_exti.o
 .data          0x00000000        0x0 ..\obj\stm32f4xx_exti.o
 .bss           0x00000000        0x0 ..\obj\stm32f4xx_exti.o
 .text.EXTI_DeInit
                0x00000000       0x34 ..\obj\stm32f4xx_exti.o
 .text.EXTI_StructInit
                0x00000000       0x2c ..\obj\stm32f4xx_exti.o
 .text.EXTI_GenerateSWInterrupt
                0x00000000       0x24 ..\obj\stm32f4xx_exti.o
 .text.EXTI_GetFlagStatus
                0x00000000       0x34 ..\obj\stm32f4xx_exti.o
 .text.EXTI_ClearFlag
                0x00000000       0x1c ..\obj\stm32f4xx_exti.o
 .text          0x00000000        0x0 ..\obj\misc.o
 .data          0x00000000        0x0 ..\obj\misc.o
 .bss           0x00000000        0x0 ..\obj\misc.o
 .text.NVIC_SetVectorTable
                0x00000000       0x2c ..\obj\misc.o
 .text.NVIC_SystemLPConfig
                0x00000000       0x40 ..\obj\misc.o
 .text.SysTick_CLKSourceConfig
                0x00000000       0x38 ..\obj\misc.o
 .text          0x00000000        0x0 ..\obj\tm_stm32f4_gpio.o
 .data          0x00000000        0x0 ..\obj\tm_stm32f4_gpio.o
 .text.TM_GPIO_Init
                0x00000000       0x44 ..\obj\tm_stm32f4_gpio.o
 .text.TM_GPIO_DeInit
                0x00000000       0x80 ..\obj\tm_stm32f4_gpio.o
 .text.TM_GPIO_SetPinAsInput
                0x00000000       0x50 ..\obj\tm_stm32f4_gpio.o
 .text.TM_GPIO_SetPinAsOutput
                0x00000000       0x5c ..\obj\tm_stm32f4_gpio.o
 .text.TM_GPIO_SetPinAsAnalog
                0x00000000       0x4c ..\obj\tm_stm32f4_gpio.o
 .text.TM_GPIO_SetPinAsAlternate
                0x00000000       0x5c ..\obj\tm_stm32f4_gpio.o
 .text.TM_GPIO_SetPullResistor
                0x00000000       0x60 ..\obj\tm_stm32f4_gpio.o
 .text.TM_GPIO_Lock
                0x00000000       0x38 ..\obj\tm_stm32f4_gpio.o
 .text.TM_GPIO_GetPinSource
                0x00000000       0x30 ..\obj\tm_stm32f4_gpio.o
 .text.TM_GPIO_INT_DisableClock
                0x00000000       0x2c ..\obj\tm_stm32f4_gpio.o
 .text.TM_GPIO_GetUsedPins
                0x00000000       0x24 ..\obj\tm_stm32f4_gpio.o
 .text.TM_GPIO_GetFreePins
                0x00000000       0x28 ..\obj\tm_stm32f4_gpio.o
 .text          0x00000000        0x0 ..\obj\stm32f4xx_tim.o
 .data          0x00000000        0x0 ..\obj\stm32f4xx_tim.o
 .bss           0x00000000        0x0 ..\obj\stm32f4xx_tim.o
 .text.TIM_DeInit
                0x00000000      0x1bc ..\obj\stm32f4xx_tim.o
 .text.TIM_TimeBaseStructInit
                0x00000000       0x34 ..\obj\stm32f4xx_tim.o
 .text.TIM_PrescalerConfig
                0x00000000       0x28 ..\obj\stm32f4xx_tim.o
 .text.TIM_CounterModeConfig
                0x00000000       0x38 ..\obj\stm32f4xx_tim.o
 .text.TIM_SetCounter
                0x00000000       0x1c ..\obj\stm32f4xx_tim.o
 .text.TIM_SetAutoreload
                0x00000000       0x1c ..\obj\stm32f4xx_tim.o
 .text.TIM_GetCounter
                0x00000000       0x18 ..\obj\stm32f4xx_tim.o
 .text.TIM_GetPrescaler
                0x00000000       0x1c ..\obj\stm32f4xx_tim.o
 .text.TIM_UpdateDisableConfig
                0x00000000       0x40 ..\obj\stm32f4xx_tim.o
 .text.TIM_UpdateRequestConfig
                0x00000000       0x40 ..\obj\stm32f4xx_tim.o
 .text.TIM_ARRPreloadConfig
                0x00000000       0x40 ..\obj\stm32f4xx_tim.o
 .text.TIM_SelectOnePulseMode
                0x00000000       0x38 ..\obj\stm32f4xx_tim.o
 .text.TIM_SetClockDivision
                0x00000000       0x38 ..\obj\stm32f4xx_tim.o
 .text.TIM_OC1Init
                0x00000000       0xf4 ..\obj\stm32f4xx_tim.o
 .text.TIM_OC2Init
                0x00000000      0x110 ..\obj\stm32f4xx_tim.o
 .text.TIM_OC3Init
                0x00000000      0x10c ..\obj\stm32f4xx_tim.o
 .text.TIM_OC4Init
                0x00000000       0xcc ..\obj\stm32f4xx_tim.o
 .text.TIM_OCStructInit
                0x00000000       0x44 ..\obj\stm32f4xx_tim.o
 .text.TIM_SelectOCxM
                0x00000000       0xb0 ..\obj\stm32f4xx_tim.o
 .text.TIM_SetCompare1
                0x00000000       0x1c ..\obj\stm32f4xx_tim.o
 .text.TIM_SetCompare2
                0x00000000       0x1c ..\obj\stm32f4xx_tim.o
 .text.TIM_SetCompare3
                0x00000000       0x1c ..\obj\stm32f4xx_tim.o
 .text.TIM_SetCompare4
                0x00000000       0x1c ..\obj\stm32f4xx_tim.o
 .text.TIM_ForcedOC1Config
                0x00000000       0x38 ..\obj\stm32f4xx_tim.o
 .text.TIM_ForcedOC2Config
                0x00000000       0x3c ..\obj\stm32f4xx_tim.o
 .text.TIM_ForcedOC3Config
                0x00000000       0x38 ..\obj\stm32f4xx_tim.o
 .text.TIM_ForcedOC4Config
                0x00000000       0x3c ..\obj\stm32f4xx_tim.o
 .text.TIM_OC1PreloadConfig
                0x00000000       0x38 ..\obj\stm32f4xx_tim.o
 .text.TIM_OC2PreloadConfig
                0x00000000       0x3c ..\obj\stm32f4xx_tim.o
 .text.TIM_OC3PreloadConfig
                0x00000000       0x38 ..\obj\stm32f4xx_tim.o
 .text.TIM_OC4PreloadConfig
                0x00000000       0x3c ..\obj\stm32f4xx_tim.o
 .text.TIM_OC1FastConfig
                0x00000000       0x38 ..\obj\stm32f4xx_tim.o
 .text.TIM_OC2FastConfig
                0x00000000       0x3c ..\obj\stm32f4xx_tim.o
 .text.TIM_OC3FastConfig
                0x00000000       0x38 ..\obj\stm32f4xx_tim.o
 .text.TIM_OC4FastConfig
                0x00000000       0x3c ..\obj\stm32f4xx_tim.o
 .text.TIM_ClearOC1Ref
                0x00000000       0x38 ..\obj\stm32f4xx_tim.o
 .text.TIM_ClearOC2Ref
                0x00000000       0x3c ..\obj\stm32f4xx_tim.o
 .text.TIM_ClearOC3Ref
                0x00000000       0x38 ..\obj\stm32f4xx_tim.o
 .text.TIM_ClearOC4Ref
                0x00000000       0x3c ..\obj\stm32f4xx_tim.o
 .text.TIM_OC1PolarityConfig
                0x00000000       0x38 ..\obj\stm32f4xx_tim.o
 .text.TIM_OC1NPolarityConfig
                0x00000000       0x38 ..\obj\stm32f4xx_tim.o
 .text.TIM_OC2PolarityConfig
                0x00000000       0x3c ..\obj\stm32f4xx_tim.o
 .text.TIM_OC2NPolarityConfig
                0x00000000       0x3c ..\obj\stm32f4xx_tim.o
 .text.TIM_OC3PolarityConfig
                0x00000000       0x3c ..\obj\stm32f4xx_tim.o
 .text.TIM_OC3NPolarityConfig
                0x00000000       0x3c ..\obj\stm32f4xx_tim.o
 .text.TIM_OC4PolarityConfig
                0x00000000       0x3c ..\obj\stm32f4xx_tim.o
 .text.TIM_CCxCmd
                0x00000000       0x54 ..\obj\stm32f4xx_tim.o
 .text.TIM_CCxNCmd
                0x00000000       0x54 ..\obj\stm32f4xx_tim.o
 .text.TIM_ICInit
                0x00000000       0xa8 ..\obj\stm32f4xx_tim.o
 .text.TIM_ICStructInit
                0x00000000       0x30 ..\obj\stm32f4xx_tim.o
 .text.TIM_PWMIConfig
                0x00000000       0xb8 ..\obj\stm32f4xx_tim.o
 .text.TIM_GetCapture1
                0x00000000       0x18 ..\obj\stm32f4xx_tim.o
 .text.TIM_GetCapture2
                0x00000000       0x18 ..\obj\stm32f4xx_tim.o
 .text.TIM_GetCapture3
                0x00000000       0x18 ..\obj\stm32f4xx_tim.o
 .text.TIM_GetCapture4
                0x00000000       0x18 ..\obj\stm32f4xx_tim.o
 .text.TIM_SetIC1Prescaler
                0x00000000       0x38 ..\obj\stm32f4xx_tim.o
 .text.TIM_SetIC2Prescaler
                0x00000000       0x3c ..\obj\stm32f4xx_tim.o
 .text.TIM_SetIC3Prescaler
                0x00000000       0x38 ..\obj\stm32f4xx_tim.o
 .text.TIM_SetIC4Prescaler
                0x00000000       0x3c ..\obj\stm32f4xx_tim.o
 .text.TIM_BDTRConfig
                0x00000000       0x50 ..\obj\stm32f4xx_tim.o
 .text.TIM_BDTRStructInit
                0x00000000       0x3c ..\obj\stm32f4xx_tim.o
 .text.TIM_CtrlPWMOutputs
                0x00000000       0x4c ..\obj\stm32f4xx_tim.o
 .text.TIM_SelectCOM
                0x00000000       0x40 ..\obj\stm32f4xx_tim.o
 .text.TIM_CCPreloadControl
                0x00000000       0x40 ..\obj\stm32f4xx_tim.o
 .text.TIM_GenerateEvent
                0x00000000       0x1c ..\obj\stm32f4xx_tim.o
 .text.TIM_DMAConfig
                0x00000000       0x28 ..\obj\stm32f4xx_tim.o
 .text.TIM_DMACmd
                0x00000000       0x48 ..\obj\stm32f4xx_tim.o
 .text.TIM_SelectCCDMA
                0x00000000       0x40 ..\obj\stm32f4xx_tim.o
 .text.TIM_InternalClockConfig
                0x00000000       0x24 ..\obj\stm32f4xx_tim.o
 .text.TIM_ITRxExternalClockConfig
                0x00000000       0x2c ..\obj\stm32f4xx_tim.o
 .text.TIM_TIxExternalClockConfig
                0x00000000       0x60 ..\obj\stm32f4xx_tim.o
 .text.TIM_ETRClockMode1Config
                0x00000000       0x5c ..\obj\stm32f4xx_tim.o
 .text.TIM_ETRClockMode2Config
                0x00000000       0x3c ..\obj\stm32f4xx_tim.o
 .text.TIM_SelectInputTrigger
                0x00000000       0x38 ..\obj\stm32f4xx_tim.o
 .text.TIM_SelectOutputTrigger
                0x00000000       0x38 ..\obj\stm32f4xx_tim.o
 .text.TIM_SelectSlaveMode
                0x00000000       0x38 ..\obj\stm32f4xx_tim.o
 .text.TIM_SelectMasterSlaveMode
                0x00000000       0x38 ..\obj\stm32f4xx_tim.o
 .text.TIM_ETRConfig
                0x00000000       0x54 ..\obj\stm32f4xx_tim.o
 .text.TIM_EncoderInterfaceConfig
                0x00000000       0x98 ..\obj\stm32f4xx_tim.o
 .text.TIM_SelectHallSensor
                0x00000000       0x40 ..\obj\stm32f4xx_tim.o
 .text.TIM_RemapConfig
                0x00000000       0x20 ..\obj\stm32f4xx_tim.o
 .text.TI1_Config
                0x00000000       0x84 ..\obj\stm32f4xx_tim.o
 .text.TI2_Config
                0x00000000       0x98 ..\obj\stm32f4xx_tim.o
 .text.TI3_Config
                0x00000000       0x90 ..\obj\stm32f4xx_tim.o
 .text.TI4_Config
                0x00000000       0x9c ..\obj\stm32f4xx_tim.o
 .text          0x00000000        0x0 ..\obj\tm_stm32f4_pcd8544.o
 .data          0x00000000        0x0 ..\obj\tm_stm32f4_pcd8544.o
 .text.PCD8544_SetContrast
                0x00000000       0x3c ..\obj\tm_stm32f4_pcd8544.o
 .text.PCD8544_Invert
                0x00000000       0x28 ..\obj\tm_stm32f4_pcd8544.o
 .text.PCD8544_DrawLine
                0x00000000      0x1bc ..\obj\tm_stm32f4_pcd8544.o
 .text.PCD8544_DrawRectangle
                0x00000000       0x6c ..\obj\tm_stm32f4_pcd8544.o
 .text.PCD8544_DrawFilledRectangle
                0x00000000       0x48 ..\obj\tm_stm32f4_pcd8544.o
 .text.PCD8544_DrawCircle
                0x00000000      0x1f4 ..\obj\tm_stm32f4_pcd8544.o
 .text.PCD8544_DrawFilledCircle
                0x00000000      0x1e4 ..\obj\tm_stm32f4_pcd8544.o

Memory Configuration

Name             Origin             Length             Attributes
rom              0x08000000         0x00100000         xr
ram              0x20000000         0x00020000         xrw
ram1             0x10000000         0x00010000         xrw
*default*        0x00000000         0xffffffff

Linker script and memory map

                0x20020000                _eram = 0x20020000

.text           0x08000000     0x27ea
 *(.isr_vector)
 .isr_vector    0x08000000      0x188 ..\obj\startup_stm32f4xx.o
                0x08000000                g_pfnVectors
 *(.text*)
 .text.SYSCFG_EXTILineConfig
                0x08000188       0x84 ..\obj\stm32f4xx_syscfg.o
                0x08000188                SYSCFG_EXTILineConfig
 .text.Default_Reset_Handler
                0x0800020c       0x58 ..\obj\startup_stm32f4xx.o
                0x0800020c                Default_Reset_Handler
                0x0800020c                Reset_Handler
 .text.Default_Handler
                0x08000264        0x8 ..\obj\startup_stm32f4xx.o
                0x08000264                RTC_Alarm_IRQHandler
                0x08000264                HASH_RNG_IRQHandler
                0x08000264                EXTI2_IRQHandler
                0x08000264                TIM8_CC_IRQHandler
                0x08000264                DebugMon_Handler
                0x08000264                TIM1_CC_IRQHandler
                0x08000264                DMA2_Stream5_IRQHandler
                0x08000264                HardFault_Handler
                0x08000264                DMA1_Stream5_IRQHandler
                0x08000264                SysTick_Handler
                0x08000264                PVD_IRQHandler
                0x08000264                SDIO_IRQHandler
                0x08000264                TAMP_STAMP_IRQHandler
                0x08000264                PendSV_Handler
                0x08000264                NMI_Handler
                0x08000264                CAN2_RX1_IRQHandler
                0x08000264                EXTI3_IRQHandler
                0x08000264                TIM8_TRG_COM_TIM14_IRQHandler
                0x08000264                TIM1_UP_TIM10_IRQHandler
                0x08000264                TIM8_UP_TIM13_IRQHandler
                0x08000264                I2C3_ER_IRQHandler
                0x08000264                I2C2_EV_IRQHandler
                0x08000264                DMA1_Stream2_IRQHandler
                0x08000264                CAN1_RX0_IRQHandler
                0x08000264                FPU_IRQHandler
                0x08000264                OTG_HS_WKUP_IRQHandler
                0x08000264                UsageFault_Handler
                0x08000264                CAN2_SCE_IRQHandler
                0x08000264                DMA2_Stream2_IRQHandler
                0x08000264                SPI1_IRQHandler
                0x08000264                TIM6_DAC_IRQHandler
                0x08000264                TIM1_BRK_TIM9_IRQHandler
                0x08000264                DCMI_IRQHandler
                0x08000264                CAN2_RX0_IRQHandler
                0x08000264                DMA2_Stream3_IRQHandler
                0x08000264                USART6_IRQHandler
                0x08000264                USART3_IRQHandler
                0x08000264                CRYP_IRQHandler
                0x08000264                CAN1_RX1_IRQHandler
                0x08000264                UART5_IRQHandler
                0x08000264                DMA2_Stream0_IRQHandler
                0x08000264                TIM4_IRQHandler
                0x08000264                I2C1_EV_IRQHandler
                0x08000264                DMA1_Stream6_IRQHandler
                0x08000264                DMA1_Stream1_IRQHandler
                0x08000264                UART4_IRQHandler
                0x08000264                RCC_IRQHandler
                0x08000264                TIM8_BRK_TIM12_IRQHandler
                0x08000264                ADC_IRQHandler
                0x08000264                DMA1_Stream7_IRQHandler
                0x08000264                TIM7_IRQHandler
                0x08000264                CAN2_TX_IRQHandler
                0x08000264                TIM5_IRQHandler
                0x08000264                DMA2_Stream7_IRQHandler
                0x08000264                I2C3_EV_IRQHandler
                0x08000264                EXTI9_5_IRQHandler
                0x08000264                RTC_WKUP_IRQHandler
                0x08000264                ETH_WKUP_IRQHandler
                0x08000264                SPI2_IRQHandler
                0x08000264                OTG_HS_EP1_IN_IRQHandler
                0x08000264                MemManage_Handler
                0x08000264                DMA1_Stream0_IRQHandler
                0x08000264                CAN1_TX_IRQHandler
                0x08000264                SVC_Handler
                0x08000264                EXTI4_IRQHandler
                0x08000264                FSMC_IRQHandler
                0x08000264                ETH_IRQHandler
                0x08000264                OTG_HS_EP1_OUT_IRQHandler
                0x08000264                WWDG_IRQHandler
                0x08000264                OTG_FS_WKUP_IRQHandler
                0x08000264                TIM1_TRG_COM_TIM11_IRQHandler
                0x08000264                OTG_HS_IRQHandler
                0x08000264                EXTI1_IRQHandler
                0x08000264                USART2_IRQHandler
                0x08000264                I2C2_ER_IRQHandler
                0x08000264                DMA2_Stream1_IRQHandler
                0x08000264                CAN1_SCE_IRQHandler
                0x08000264                FLASH_IRQHandler
                0x08000264                DMA2_Stream4_IRQHandler
                0x08000264                BusFault_Handler
                0x08000264                USART1_IRQHandler
                0x08000264                OTG_FS_IRQHandler
                0x08000264                SPI3_IRQHandler
                0x08000264                DMA1_Stream4_IRQHandler
                0x08000264                I2C1_ER_IRQHandler
                0x08000264                DMA2_Stream6_IRQHandler
                0x08000264                DMA1_Stream3_IRQHandler
 .text.Configure_PD0
                0x0800026c       0x7c ..\obj\main.o
                0x0800026c                Configure_PD0
 .text.Configure_PB12
                0x080002e8       0x80 ..\obj\main.o
                0x080002e8                Configure_PB12
 .text.spawn    0x08000368       0x50 ..\obj\main.o
                0x08000368                spawn
 .text.utwspawned
                0x080003b8       0xc4 ..\obj\main.o
                0x080003b8                utwspawned
 .text.wszystkowdol
                0x0800047c      0x17c ..\obj\main.o
                0x0800047c                wszystkowdol
 .text.zakonczgre
                0x080005f8       0x24 ..\obj\main.o
                0x080005f8                zakonczgre
 .text.TIM3_IRQHandler
                0x0800061c      0x2f0 ..\obj\main.o
                0x0800061c                TIM3_IRQHandler
 .text.TIM2_IRQHandler
                0x0800090c       0xb0 ..\obj\main.o
                0x0800090c                TIM2_IRQHandler
 .text.EXTI0_IRQHandler
                0x080009bc      0x284 ..\obj\main.o
                0x080009bc                EXTI0_IRQHandler
 .text.EXTI15_10_IRQHandler
                0x08000c40      0x218 ..\obj\main.o
                0x08000c40                EXTI15_10_IRQHandler
 .text.main     0x08000e58      0x1dc ..\obj\main.o
                0x08000e58                main
 .text.RCC_AHB1PeriphClockCmd
                0x08001034       0x3c ..\obj\stm32f4xx_rcc.o
                0x08001034                RCC_AHB1PeriphClockCmd
 .text.RCC_APB1PeriphClockCmd
                0x08001070       0x3c ..\obj\stm32f4xx_rcc.o
                0x08001070                RCC_APB1PeriphClockCmd
 .text.RCC_APB2PeriphClockCmd
                0x080010ac       0x3c ..\obj\stm32f4xx_rcc.o
                0x080010ac                RCC_APB2PeriphClockCmd
 .text.TM_SPI_Init
                0x080010e8       0x80 ..\obj\tm_stm32f4_spi.o
                0x080010e8                TM_SPI_Init
 .text.TM_SPI_InitCustomPinsCallback
                0x08001168       0x18 ..\obj\tm_stm32f4_spi.o
                0x08001168                TM_SPI_InitCustomPinsCallback
 .text.TM_SPIx_Init
                0x08001180      0x11c ..\obj\tm_stm32f4_spi.o
 .text.TM_SPI1_INT_InitPins
                0x0800129c       0x60 ..\obj\tm_stm32f4_spi.o
                0x0800129c                TM_SPI1_INT_InitPins
 .text.TM_SPI2_INT_InitPins
                0x080012fc       0x94 ..\obj\tm_stm32f4_spi.o
                0x080012fc                TM_SPI2_INT_InitPins
 .text.TM_SPI3_INT_InitPins
                0x08001390       0x60 ..\obj\tm_stm32f4_spi.o
                0x08001390                TM_SPI3_INT_InitPins
 .text.GPIO_Init
                0x080013f0      0x11c ..\obj\stm32f4xx_gpio.o
                0x080013f0                GPIO_Init
 .text.GPIO_SetBits
                0x0800150c       0x1c ..\obj\stm32f4xx_gpio.o
                0x0800150c                GPIO_SetBits
 .text.GPIO_ResetBits
                0x08001528       0x1c ..\obj\stm32f4xx_gpio.o
                0x08001528                GPIO_ResetBits
 .text.GPIO_ToggleBits
                0x08001544       0x24 ..\obj\stm32f4xx_gpio.o
                0x08001544                GPIO_ToggleBits
 .text.SystemInit
                0x08001568       0x58 ..\obj\system_stm32f4xx.o
                0x08001568                SystemInit
 .text.SetSysClock
                0x080015c0       0xf4 ..\obj\system_stm32f4xx.o
 .text.SPI_Init
                0x080016b4       0x88 ..\obj\stm32f4xx_spi.o
                0x080016b4                SPI_Init
 .text.SPI_StructInit
                0x0800173c       0x48 ..\obj\stm32f4xx_spi.o
                0x0800173c                SPI_StructInit
 .text.EXTI_Init
                0x08001784       0xe4 ..\obj\stm32f4xx_exti.o
                0x08001784                EXTI_Init
 .text.EXTI_GetITStatus
                0x08001868       0x48 ..\obj\stm32f4xx_exti.o
                0x08001868                EXTI_GetITStatus
 .text.EXTI_ClearITPendingBit
                0x080018b0       0x1c ..\obj\stm32f4xx_exti.o
                0x080018b0                EXTI_ClearITPendingBit
 .text.NVIC_PriorityGroupConfig
                0x080018cc       0x24 ..\obj\misc.o
                0x080018cc                NVIC_PriorityGroupConfig
 .text.NVIC_Init
                0x080018f0       0xc0 ..\obj\misc.o
                0x080018f0                NVIC_Init
 .text.TM_GPIO_InitAlternate
                0x080019b0       0xa8 ..\obj\tm_stm32f4_gpio.o
                0x080019b0                TM_GPIO_InitAlternate
 .text.TM_GPIO_GetPortSource
                0x08001a58       0x24 ..\obj\tm_stm32f4_gpio.o
                0x08001a58                TM_GPIO_GetPortSource
 .text.TM_GPIO_INT_EnableClock
                0x08001a7c       0x2c ..\obj\tm_stm32f4_gpio.o
                0x08001a7c                TM_GPIO_INT_EnableClock
 .text.TM_GPIO_INT_Init
                0x08001aa8      0x10c ..\obj\tm_stm32f4_gpio.o
                0x08001aa8                TM_GPIO_INT_Init
 .text.TIM_TimeBaseInit
                0x08001bb4       0xd4 ..\obj\stm32f4xx_tim.o
                0x08001bb4                TIM_TimeBaseInit
 .text.TIM_Cmd  0x08001c88       0x40 ..\obj\stm32f4xx_tim.o
                0x08001c88                TIM_Cmd
 .text.TIM_ITConfig
                0x08001cc8       0x48 ..\obj\stm32f4xx_tim.o
                0x08001cc8                TIM_ITConfig
 .text.TIM_GetFlagStatus
                0x08001d10       0x38 ..\obj\stm32f4xx_tim.o
                0x08001d10                TIM_GetFlagStatus
 .text.TIM_ClearFlag
                0x08001d48       0x20 ..\obj\stm32f4xx_tim.o
                0x08001d48                TIM_ClearFlag
 .text.TIM_GetITStatus
                0x08001d68       0x54 ..\obj\stm32f4xx_tim.o
                0x08001d68                TIM_GetITStatus
 .text.TIM_ClearITPendingBit
                0x08001dbc       0x20 ..\obj\stm32f4xx_tim.o
                0x08001dbc                TIM_ClearITPendingBit
 .text.TM_SPI_Send
                0x08001ddc       0x78 ..\obj\tm_stm32f4_pcd8544.o
 .text.PCD8544_InitIO
                0x08001e54       0x78 ..\obj\tm_stm32f4_pcd8544.o
                0x08001e54                PCD8544_InitIO
 .text.PCD8544_send
                0x08001ecc       0x38 ..\obj\tm_stm32f4_pcd8544.o
                0x08001ecc                PCD8544_send
 .text.PCD8544_Pin
                0x08001f04       0x64 ..\obj\tm_stm32f4_pcd8544.o
                0x08001f04                PCD8544_Pin
 .text.PCD8544_Delay
                0x08001f68       0x28 ..\obj\tm_stm32f4_pcd8544.o
                0x08001f68                PCD8544_Delay
 .text.PCD8544_Init
                0x08001f90       0x78 ..\obj\tm_stm32f4_pcd8544.o
                0x08001f90                PCD8544_Init
 .text.PCD8544_Write
                0x08002008       0x40 ..\obj\tm_stm32f4_pcd8544.o
                0x08002008                PCD8544_Write
 .text.PCD8544_DrawPixel
                0x08002048       0xbc ..\obj\tm_stm32f4_pcd8544.o
                0x08002048                PCD8544_DrawPixel
 .text.PCD8544_Clear
                0x08002104       0x4c ..\obj\tm_stm32f4_pcd8544.o
                0x08002104                PCD8544_Clear
 .text.PCD8544_Home
                0x08002150       0x18 ..\obj\tm_stm32f4_pcd8544.o
                0x08002150                PCD8544_Home
 .text.PCD8544_Refresh
                0x08002168       0xbc ..\obj\tm_stm32f4_pcd8544.o
                0x08002168                PCD8544_Refresh
 .text.PCD8544_UpdateArea
                0x08002224       0x78 ..\obj\tm_stm32f4_pcd8544.o
                0x08002224                PCD8544_UpdateArea
 .text.PCD8544_GotoXY
                0x0800229c       0x30 ..\obj\tm_stm32f4_pcd8544.o
                0x0800229c                PCD8544_GotoXY
 .text.PCD8544_Putc
                0x080022cc      0x154 ..\obj\tm_stm32f4_pcd8544.o
                0x080022cc                PCD8544_Putc
 .text.PCD8544_Puts
                0x08002420       0x38 ..\obj\tm_stm32f4_pcd8544.o
                0x08002420                PCD8544_Puts
 *(.init)
 *(.fini)
 *crtbegin.o(.ctors)
 *crtbegin?.o(.ctors)
 *(EXCLUDE_FILE(*crtend.o *crtend?.o) .ctors)
 *(SORT(.ctors.*))
 *(.ctors)
 *crtbegin.o(.dtors)
 *crtbegin?.o(.dtors)
 *(EXCLUDE_FILE(*crtend.o *crtend?.o) .dtors)
 *(SORT(.dtors.*))
 *(.dtors)
 *(.rodata*)
 .rodata        0x08002458        0xb ..\obj\main.o
 *fill*         0x08002463        0x1 
 .rodata        0x08002464      0x386 ..\obj\tm_stm32f4_pcd8544.o
                0x08002464                PCD8544_Font5x7
                0x080026ac                PCD8544_Font3x5
 *(.eh_fram e*)

.glue_7         0x080027ec        0x0
 .glue_7        0x00000000        0x0 linker stubs

.glue_7t        0x080027ec        0x0
 .glue_7t       0x00000000        0x0 linker stubs

.vfp11_veneer   0x080027ec        0x0
 .vfp11_veneer  0x00000000        0x0 linker stubs

.v4_bx          0x080027ec        0x0
 .v4_bx         0x00000000        0x0 linker stubs

.iplt           0x080027ec        0x0
 .iplt          0x00000000        0x0 ..\obj\stm32f4xx_syscfg.o

.rel.dyn        0x080027ec        0x0
 .rel.iplt      0x00000000        0x0 ..\obj\stm32f4xx_syscfg.o

.ARM.extab
 *(.ARM.extab* .gnu.linkonce.armextab.*)
                0x080027ec                __exidx_start = .

.ARM.exidx
 *(.ARM.exidx* .gnu.linkonce.armexidx.*)
                0x080027ec                __exidx_end = .
                0x080027ec                __etext = .
                0x080027ea                _sidata = __etext

.data           0x20000000        0x0 load address 0x080027ea
                0x20000000                __data_start__ = .
                0x20000000                _sdata = __data_start__
 *(vtable)
 *(.data*)
                0x20000000                . = ALIGN (0x4)
                0x20000000                PROVIDE (__preinit_array_start, .)
 *(.preinit_array)
                0x20000000                PROVIDE (__preinit_array_end, .)
                0x20000000                . = ALIGN (0x4)
                0x20000000                PROVIDE (__init_array_start, .)
 *(SORT(.init_array.*))
 *(.init_array)
                0x20000000                PROVIDE (__init_array_end, .)
                0x20000000                . = ALIGN (0x4)
                0x20000000                PROVIDE (__fini_array_start, .)
 *(SORT(.fini_array.*))
 *(.fini_array)
                0x20000000                PROVIDE (__fini_array_end, .)
 *(.jcr*)
                0x20000000                . = ALIGN (0x4)
                0x20000000                __data_end__ = .
                0x20000000                _edata = __data_end__

.igot.plt       0x20000000        0x0
 .igot.plt      0x00000000        0x0 ..\obj\stm32f4xx_syscfg.o

.bss            0x20000000     0x14dc
                0x20000000                . = ALIGN (0x4)
                0x20000000                __bss_start__ = .
                0x20000000                _sbss = __bss_start__
 *(.bss*)
 .bss           0x20000000        0x4 ..\obj\main.o
                0x20000000                punkty
 .bss           0x20000004       0x16 ..\obj\tm_stm32f4_gpio.o
 .bss           0x2000001a        0x4 ..\obj\tm_stm32f4_pcd8544.o
                0x2000001a                PCD8544_UpdateXmin
                0x2000001b                PCD8544_UpdateXmax
                0x2000001c                PCD8544_UpdateYmin
                0x2000001d                PCD8544_UpdateYmax
 *(COMMON)
 *fill*         0x2000001e        0x2 
 COMMON         0x20000020     0x12c0 ..\obj\main.o
                0x20000020                tab
 COMMON         0x200012e0      0x1fc ..\obj\tm_stm32f4_pcd8544.o
                0x200012e0                PCD8544_y
                0x200012e1                PCD8544_x
                0x200012e4                PCD8544_Buffer
                0x200014dc                . = ALIGN (0x4)
                0x200014dc                __bss_end__ = .
                0x200014dc                _ebss = __bss_end__

.heap           0x200014dc        0x0
                0x200014dc                __end__ = .
                0x200014dc                _end = __end__
                0x200014dc                end = __end__
 *(.heap*)
                0x200014dc                __HeapLimit = .

.co_stack       0x200014dc      0x804
                0x200014e0                . = ALIGN (0x8)
 *fill*         0x200014dc        0x4 
 *(.co_stack .co_stack.*)
 .co_stack      0x200014e0      0x800 ..\obj\startup_stm32f4xx.o
                0x200014e0                pulStack
                0x20020000                __StackTop = (ORIGIN (ram) + 0x20000)
                0x2001f7fc                __StackLimit = (__StackTop - SIZEOF (.co_stack))
                0x20020000                PROVIDE (__stack, __StackTop)
                0x00000001                ASSERT ((__StackLimit >= __HeapLimit), region ram  overflowed with stack)
LOAD ..\obj\stm32f4xx_syscfg.o
LOAD ..\obj\startup_stm32f4xx.o
LOAD ..\obj\main.o
LOAD ..\obj\stm32f4xx_rcc.o
LOAD ..\obj\tm_stm32f4_spi.o
LOAD ..\obj\stm32f4xx_gpio.o
LOAD ..\obj\system_stm32f4xx.o
LOAD ..\obj\syscalls.o
LOAD ..\obj\stm32f4xx_spi.o
LOAD ..\obj\stm32f4xx_exti.o
LOAD ..\obj\misc.o
LOAD ..\obj\tm_stm32f4_gpio.o
LOAD ..\obj\stm32f4xx_tim.o
LOAD ..\obj\tm_stm32f4_pcd8544.o
START GROUP
LOAD c:/program files (x86)/gnu tools arm embedded/4.9 2015q3/bin/../lib/gcc/arm-none-eabi/4.9.3/armv7e-m\libgcc.a
LOAD c:/program files (x86)/gnu tools arm embedded/4.9 2015q3/bin/../lib/gcc/arm-none-eabi/4.9.3/../../../../arm-none-eabi/lib/armv7e-m\libg.a
LOAD c:/program files (x86)/gnu tools arm embedded/4.9 2015q3/bin/../lib/gcc/arm-none-eabi/4.9.3/../../../../arm-none-eabi/lib/armv7e-m\libc.a
END GROUP
OUTPUT(Tetris.elf elf32-littlearm)

.debug_info     0x00000000     0x7470
 .debug_info    0x00000000      0x26c ..\obj\stm32f4xx_syscfg.o
 .debug_info    0x0000026c       0xed ..\obj\startup_stm32f4xx.o
 .debug_info    0x00000359      0xb3e ..\obj\main.o
 .debug_info    0x00000e97      0xc4d ..\obj\stm32f4xx_rcc.o
 .debug_info    0x00001ae4      0xa7d ..\obj\tm_stm32f4_spi.o
 .debug_info    0x00002561      0x602 ..\obj\stm32f4xx_gpio.o
 .debug_info    0x00002b63      0x592 ..\obj\system_stm32f4xx.o
 .debug_info    0x000030f5      0xb07 ..\obj\stm32f4xx_spi.o
 .debug_info    0x00003bfc      0x347 ..\obj\stm32f4xx_exti.o
 .debug_info    0x00003f43      0x53d ..\obj\misc.o
 .debug_info    0x00004480      0x81d ..\obj\tm_stm32f4_gpio.o
 .debug_info    0x00004c9d     0x1c61 ..\obj\stm32f4xx_tim.o
 .debug_info    0x000068fe      0xb72 ..\obj\tm_stm32f4_pcd8544.o

.debug_abbrev   0x00000000     0x1394
 .debug_abbrev  0x00000000      0x131 ..\obj\stm32f4xx_syscfg.o
 .debug_abbrev  0x00000131       0xb0 ..\obj\startup_stm32f4xx.o
 .debug_abbrev  0x000001e1      0x221 ..\obj\main.o
 .debug_abbrev  0x00000402      0x1e3 ..\obj\stm32f4xx_rcc.o
 .debug_abbrev  0x000005e5      0x1e4 ..\obj\tm_stm32f4_spi.o
 .debug_abbrev  0x000007c9      0x1a3 ..\obj\stm32f4xx_gpio.o
 .debug_abbrev  0x0000096c      0x136 ..\obj\system_stm32f4xx.o
 .debug_abbrev  0x00000aa2      0x167 ..\obj\stm32f4xx_spi.o
 .debug_abbrev  0x00000c09      0x1a5 ..\obj\stm32f4xx_exti.o
 .debug_abbrev  0x00000dae      0x145 ..\obj\misc.o
 .debug_abbrev  0x00000ef3      0x14f ..\obj\tm_stm32f4_gpio.o
 .debug_abbrev  0x00001042      0x187 ..\obj\stm32f4xx_tim.o
 .debug_abbrev  0x000011c9      0x1cb ..\obj\tm_stm32f4_pcd8544.o

.debug_aranges  0x00000000      0x978
 .debug_aranges
                0x00000000       0x48 ..\obj\stm32f4xx_syscfg.o
 .debug_aranges
                0x00000048       0x28 ..\obj\startup_stm32f4xx.o
 .debug_aranges
                0x00000070       0x70 ..\obj\main.o
 .debug_aranges
                0x000000e0      0x178 ..\obj\stm32f4xx_rcc.o
 .debug_aranges
                0x00000258       0x98 ..\obj\tm_stm32f4_spi.o
 .debug_aranges
                0x000002f0       0x88 ..\obj\stm32f4xx_gpio.o
 .debug_aranges
                0x00000378       0x30 ..\obj\system_stm32f4xx.o
 .debug_aranges
                0x000003a8       0xe0 ..\obj\stm32f4xx_spi.o
 .debug_aranges
                0x00000488       0x58 ..\obj\stm32f4xx_exti.o
 .debug_aranges
                0x000004e0       0x40 ..\obj\misc.o
 .debug_aranges
                0x00000520       0x98 ..\obj\tm_stm32f4_gpio.o
 .debug_aranges
                0x000005b8      0x2f8 ..\obj\stm32f4xx_tim.o
 .debug_aranges
                0x000008b0       0xc8 ..\obj\tm_stm32f4_pcd8544.o

.debug_ranges   0x00000000      0x8a8
 .debug_ranges  0x00000000       0x38 ..\obj\stm32f4xx_syscfg.o
 .debug_ranges  0x00000038       0x18 ..\obj\startup_stm32f4xx.o
 .debug_ranges  0x00000050       0x60 ..\obj\main.o
 .debug_ranges  0x000000b0      0x168 ..\obj\stm32f4xx_rcc.o
 .debug_ranges  0x00000218       0x88 ..\obj\tm_stm32f4_spi.o
 .debug_ranges  0x000002a0       0x78 ..\obj\stm32f4xx_gpio.o
 .debug_ranges  0x00000318       0x20 ..\obj\system_stm32f4xx.o
 .debug_ranges  0x00000338       0xd0 ..\obj\stm32f4xx_spi.o
 .debug_ranges  0x00000408       0x48 ..\obj\stm32f4xx_exti.o
 .debug_ranges  0x00000450       0x30 ..\obj\misc.o
 .debug_ranges  0x00000480       0x88 ..\obj\tm_stm32f4_gpio.o
 .debug_ranges  0x00000508      0x2e8 ..\obj\stm32f4xx_tim.o
 .debug_ranges  0x000007f0       0xb8 ..\obj\tm_stm32f4_pcd8544.o

.debug_line     0x00000000     0x367c
 .debug_line    0x00000000      0x237 ..\obj\stm32f4xx_syscfg.o
 .debug_line    0x00000237       0xa5 ..\obj\startup_stm32f4xx.o
 .debug_line    0x000002dc      0x5c6 ..\obj\main.o
 .debug_line    0x000008a2      0x5c5 ..\obj\stm32f4xx_rcc.o
 .debug_line    0x00000e67      0x4f9 ..\obj\tm_stm32f4_spi.o
 .debug_line    0x00001360      0x367 ..\obj\stm32f4xx_gpio.o
 .debug_line    0x000016c7      0x20a ..\obj\system_stm32f4xx.o
 .debug_line    0x000018d1      0x476 ..\obj\stm32f4xx_spi.o
 .debug_line    0x00001d47      0x2c9 ..\obj\stm32f4xx_exti.o
 .debug_line    0x00002010      0x269 ..\obj\misc.o
 .debug_line    0x00002279      0x3e2 ..\obj\tm_stm32f4_gpio.o
 .debug_line    0x0000265b      0xa8e ..\obj\stm32f4xx_tim.o
 .debug_line    0x000030e9      0x593 ..\obj\tm_stm32f4_pcd8544.o

.debug_str      0x00000000     0x3041
 .debug_str     0x00000000      0x29a ..\obj\stm32f4xx_syscfg.o
                                0x2f8 (size before relaxing)
 .debug_str     0x0000029a       0xb4 ..\obj\startup_stm32f4xx.o
                                0x14b (size before relaxing)
 .debug_str     0x0000034e      0xa57 ..\obj\main.o
                                0xc5e (size before relaxing)
 .debug_str     0x00000da5      0x640 ..\obj\stm32f4xx_rcc.o
                                0x854 (size before relaxing)
 .debug_str     0x000013e5      0x433 ..\obj\tm_stm32f4_spi.o
                                0x75e (size before relaxing)
 .debug_str     0x00001818      0x17b ..\obj\stm32f4xx_gpio.o
                                0x4a7 (size before relaxing)
 .debug_str     0x00001993      0x11c ..\obj\system_stm32f4xx.o
                                0x3ae (size before relaxing)
 .debug_str     0x00001aaf      0x2f1 ..\obj\stm32f4xx_spi.o
                                0x68e (size before relaxing)
 .debug_str     0x00001da0       0xf4 ..\obj\stm32f4xx_exti.o
                                0x35d (size before relaxing)
 .debug_str     0x00001e94      0x155 ..\obj\misc.o
                                0x3d2 (size before relaxing)
 .debug_str     0x00001fe9      0x230 ..\obj\tm_stm32f4_gpio.o
                                0x5b6 (size before relaxing)
 .debug_str     0x00002219      0xa8a ..\obj\stm32f4xx_tim.o
                                0xdd4 (size before relaxing)
 .debug_str     0x00002ca3      0x39e ..\obj\tm_stm32f4_pcd8544.o
                                0x7e5 (size before relaxing)

.comment        0x00000000       0x70
 .comment       0x00000000       0x70 ..\obj\stm32f4xx_syscfg.o
                                 0x71 (size before relaxing)
 .comment       0x00000000       0x71 ..\obj\startup_stm32f4xx.o
 .comment       0x00000000       0x71 ..\obj\main.o
 .comment       0x00000000       0x71 ..\obj\stm32f4xx_rcc.o
 .comment       0x00000000       0x71 ..\obj\tm_stm32f4_spi.o
 .comment       0x00000000       0x71 ..\obj\stm32f4xx_gpio.o
 .comment       0x00000000       0x71 ..\obj\system_stm32f4xx.o
 .comment       0x00000000       0x71 ..\obj\stm32f4xx_spi.o
 .comment       0x00000000       0x71 ..\obj\stm32f4xx_exti.o
 .comment       0x00000000       0x71 ..\obj\misc.o
 .comment       0x00000000       0x71 ..\obj\tm_stm32f4_gpio.o
 .comment       0x00000000       0x71 ..\obj\stm32f4xx_tim.o
 .comment       0x00000000       0x71 ..\obj\tm_stm32f4_pcd8544.o

.ARM.attributes
                0x00000000       0x33
 .ARM.attributes
                0x00000000       0x33 ..\obj\stm32f4xx_syscfg.o
 .ARM.attributes
                0x00000033       0x33 ..\obj\startup_stm32f4xx.o
 .ARM.attributes
                0x00000066       0x33 ..\obj\main.o
 .ARM.attributes
                0x00000099       0x33 ..\obj\stm32f4xx_rcc.o
 .ARM.attributes
                0x000000cc       0x33 ..\obj\tm_stm32f4_spi.o
 .ARM.attributes
                0x000000ff       0x33 ..\obj\stm32f4xx_gpio.o
 .ARM.attributes
                0x00000132       0x33 ..\obj\system_stm32f4xx.o
 .ARM.attributes
                0x00000165       0x33 ..\obj\stm32f4xx_spi.o
 .ARM.attributes
                0x00000198       0x33 ..\obj\stm32f4xx_exti.o
 .ARM.attributes
                0x000001cb       0x33 ..\obj\misc.o
 .ARM.attributes
                0x000001fe       0x33 ..\obj\tm_stm32f4_gpio.o
 .ARM.attributes
                0x00000231       0x33 ..\obj\stm32f4xx_tim.o
 .ARM.attributes
                0x00000264       0x33 ..\obj\tm_stm32f4_pcd8544.o

.debug_frame    0x00000000     0x290c
 .debug_frame   0x00000000       0xf4 ..\obj\stm32f4xx_syscfg.o
 .debug_frame   0x000000f4       0x4c ..\obj\startup_stm32f4xx.o
 .debug_frame   0x00000140      0x1a4 ..\obj\main.o
 .debug_frame   0x000002e4      0x6d4 ..\obj\stm32f4xx_rcc.o
 .debug_frame   0x000009b8      0x274 ..\obj\tm_stm32f4_spi.o
 .debug_frame   0x00000c2c      0x23c ..\obj\stm32f4xx_gpio.o
 .debug_frame   0x00000e68       0x7c ..\obj\system_stm32f4xx.o
 .debug_frame   0x00000ee4      0x3f4 ..\obj\stm32f4xx_spi.o
 .debug_frame   0x000012d8      0x148 ..\obj\stm32f4xx_exti.o
 .debug_frame   0x00001420       0xd8 ..\obj\misc.o
 .debug_frame   0x000014f8      0x278 ..\obj\tm_stm32f4_gpio.o
 .debug_frame   0x00001770      0xe54 ..\obj\stm32f4xx_tim.o
 .debug_frame   0x000025c4      0x348 ..\obj\tm_stm32f4_pcd8544.o
